INFO: Всё хорошо
ERROR: Что-то сломалось
WARNING: Скоро закончится место
ERROR: Ошибка подключения
INFO: Работаем